2020-12-20 15:09:26 INFO  Demo_01_base:32 - UxgrQ17Mabne5I6cn5QdxTcqOBpoMe15jj2SDh1qoGlZoaygVYiCb1yXQekZx04xOrdPk9g0FK7HPWjGFnrFaLCDEwL7VMnXFYLLT7ubF4NAOciy2iBAOzQTaaD5r4sC7ZweRrTQkbKCts5AKBpyj4w61U9XFTcLDslYzzr1nKUZza8VyEiIXth1znE82HUOwxXFLJjVDPLT-JdXyS8asw
2020-12-20 15:22:05 INFO  Demo_01_base:33 - UxgrQ17Mabne5I6cn5QdxTcqOBpoMe15jj2SDh1qoGlZoaygVYiCb1yXQekZx04xOrdPk9g0FK7HPWjGFnrFaLCDEwL7VMnXFYLLT7ubF4NAOciy2iBAOzQTaaD5r4sC7ZweRrTQkbKCts5AKBpyj4w61U9XFTcLDslYzzr1nKUZza8VyEiIXth1znE82HUOwxXFLJjVDPLT-JdXyS8asw
2020-12-20 15:25:58 INFO  Demo_01_base:33 - UxgrQ17Mabne5I6cn5QdxTcqOBpoMe15jj2SDh1qoGlZoaygVYiCb1yXQekZx04xOrdPk9g0FK7HPWjGFnrFaLCDEwL7VMnXFYLLT7ubF4NAOciy2iBAOzQTaaD5r4sC7ZweRrTQkbKCts5AKBpyj4w61U9XFTcLDslYzzr1nKUZza8VyEiIXth1znE82HUOwxXFLJjVDPLT-JdXyS8asw
2020-12-20 15:31:25 INFO  Demo_01_base:33 - UxgrQ17Mabne5I6cn5QdxTcqOBpoMe15jj2SDh1qoGlZoaygVYiCb1yXQekZx04xOrdPk9g0FK7HPWjGFnrFaLCDEwL7VMnXFYLLT7ubF4NAOciy2iBAOzQTaaD5r4sC7ZweRrTQkbKCts5AKBpyj4w61U9XFTcLDslYzzr1nKUZza8VyEiIXth1znE82HUOwxXFLJjVDPLT-JdXyS8asw
2020-12-20 15:40:27 INFO  Demo_01_base:33 - UxgrQ17Mabne5I6cn5QdxTcqOBpoMe15jj2SDh1qoGlZoaygVYiCb1yXQekZx04xOrdPk9g0FK7HPWjGFnrFaLCDEwL7VMnXFYLLT7ubF4NAOciy2iBAOzQTaaD5r4sC7ZweRrTQkbKCts5AKBpyj4w61U9XFTcLDslYzzr1nKUZza8VyEiIXth1znE82HUOwxXFLJjVDPLT-JdXyS8asw
2020-12-20 15:54:02 INFO  Demo_01_base:33 - UxgrQ17Mabne5I6cn5QdxTcqOBpoMe15jj2SDh1qoGlZoaygVYiCb1yXQekZx04xOrdPk9g0FK7HPWjGFnrFaLCDEwL7VMnXFYLLT7ubF4NAOciy2iBAOzQTaaD5r4sC7ZweRrTQkbKCts5AKBpyj4w61U9XFTcLDslYzzr1nKUZza8VyEiIXth1znE82HUOwxXFLJjVDPLT-JdXyS8asw
2020-12-20 15:54:29 INFO  Demo_01_base:33 - UxgrQ17Mabne5I6cn5QdxTcqOBpoMe15jj2SDh1qoGlZoaygVYiCb1yXQekZx04xOrdPk9g0FK7HPWjGFnrFaLCDEwL7VMnXFYLLT7ubF4NAOciy2iBAOzQTaaD5r4sC7ZweRrTQkbKCts5AKBpyj4w61U9XFTcLDslYzzr1nKUZza8VyEiIXth1znE82HUOwxXFLJjVDPLT-JdXyS8asw
2020-12-20 15:56:13 INFO  Demo_01_base:33 - UxgrQ17Mabne5I6cn5QdxTcqOBpoMe15jj2SDh1qoGlZoaygVYiCb1yXQekZx04xOrdPk9g0FK7HPWjGFnrFaLCDEwL7VMnXFYLLT7ubF4NAOciy2iBAOzQTaaD5r4sC7ZweRrTQkbKCts5AKBpyj4w61U9XFTcLDslYzzr1nKUZza8VyEiIXth1znE82HUOwxXFLJjVDPLT-JdXyS8asw
2020-12-20 15:56:33 INFO  Demo_01_base:33 - UxgrQ17Mabne5I6cn5QdxTcqOBpoMe15jj2SDh1qoGlZoaygVYiCb1yXQekZx04xOrdPk9g0FK7HPWjGFnrFaLCDEwL7VMnXFYLLT7ubF4NAOciy2iBAOzQTaaD5r4sC7ZweRrTQkbKCts5AKBpyj4w61U9XFTcLDslYzzr1nKUZza8VyEiIXth1znE82HUOwxXFLJjVDPLT-JdXyS8asw
2020-12-20 16:01:13 INFO  Demo_01_base:34 - UxgrQ17Mabne5I6cn5QdxTcqOBpoMe15jj2SDh1qoGlZoaygVYiCb1yXQekZx04xOrdPk9g0FK7HPWjGFnrFaLCDEwL7VMnXFYLLT7ubF4NAOciy2iBAOzQTaaD5r4sC7ZweRrTQkbKCts5AKBpyj4w61U9XFTcLDslYzzr1nKUZza8VyEiIXth1znE82HUOwxXFLJjVDPLT-JdXyS8asw
2020-12-20 16:12:54 INFO  Demo_01_base:53 - UxgrQ17Mabne5I6cn5QdxTcqOBpoMe15jj2SDh1qoGlZoaygVYiCb1yXQekZx04xOrdPk9g0FK7HPWjGFnrFaLCDEwL7VMnXFYLLT7ubF4NAOciy2iBAOzQTaaD5r4sC7ZweRrTQkbKCts5AKBpyj4w61U9XFTcLDslYzzr1nKUZza8VyEiIXth1znE82HUOwxXFLJjVDPLT-JdXyS8asw
2020-12-20 16:16:16 INFO  Demo_01_base:71 - UxgrQ17Mabne5I6cn5QdxTcqOBpoMe15jj2SDh1qoGlZoaygVYiCb1yXQekZx04xOrdPk9g0FK7HPWjGFnrFaLCDEwL7VMnXFYLLT7ubF4NAOciy2iBAOzQTaaD5r4sC7ZweRrTQkbKCts5AKBpyj4w61U9XFTcLDslYzzr1nKUZza8VyEiIXth1znE82HUOwxXFLJjVDPLT-JdXyS8asw
2020-12-20 16:19:57 INFO  Demo_01_base:72 - UxgrQ17Mabne5I6cn5QdxTcqOBpoMe15jj2SDh1qoGlZoaygVYiCb1yXQekZx04xOrdPk9g0FK7HPWjGFnrFaLCDEwL7VMnXFYLLT7ubF4NAOciy2iBAOzQTaaD5r4sC7ZweRrTQkbKCts5AKBpyj4w61U9XFTcLDslYzzr1nKUZza8VyEiIXth1znE82HUOwxXFLJjVDPLT-JdXyS8asw
2020-12-20 16:20:40 INFO  Demo_01_base:72 - UxgrQ17Mabne5I6cn5QdxTcqOBpoMe15jj2SDh1qoGlZoaygVYiCb1yXQekZx04xOrdPk9g0FK7HPWjGFnrFaLCDEwL7VMnXFYLLT7ubF4NAOciy2iBAOzQTaaD5r4sC7ZweRrTQkbKCts5AKBpyj4w61U9XFTcLDslYzzr1nKUZza8VyEiIXth1znE82HUOwxXFLJjVDPLT-JdXyS8asw
2020-12-20 16:22:05 INFO  Demo_01_base:84 - UxgrQ17Mabne5I6cn5QdxTcqOBpoMe15jj2SDh1qoGlZoaygVYiCb1yXQekZx04xOrdPk9g0FK7HPWjGFnrFaLCDEwL7VMnXFYLLT7ubF4NAOciy2iBAOzQTaaD5r4sC7ZweRrTQkbKCts5AKBpyj4w61U9XFTcLDslYzzr1nKUZza8VyEiIXth1znE82HUOwxXFLJjVDPLT-JdXyS8asw
2020-12-20 16:34:21 INFO  Demo_01_base:84 - UxgrQ17Mabne5I6cn5QdxTcqOBpoMe15jj2SDh1qoGlZoaygVYiCb1yXQekZx04xOrdPk9g0FK7HPWjGFnrFaLCDEwL7VMnXFYLLT7ubF4NAOciy2iBAOzQTaaD5r4sC7ZweRrTQkbKCts5AKBpyj4w61U9XFTcLDslYzzr1nKUZza8VyEiIXth1znE82HUOwxXFLJjVDPLT-JdXyS8asw
2020-12-20 16:34:21 INFO  Demo_01_base:54 - UxgrQ17Mabne5I6cn5QdxTcqOBpoMe15jj2SDh1qoGlZoaygVYiCb1yXQekZx04xOrdPk9g0FK7HPWjGFnrFaLCDEwL7VMnXFYLLT7ubF4NAOciy2iBAOzQTaaD5r4sC7ZweRrTQkbKCts5AKBpyj4w61U9XFTcLDslYzzr1nKUZza8VyEiIXth1znE82HUOwxXFLJjVDPLT-JdXyS8asw
2020-12-20 16:34:22 INFO  Demo_01_base:72 - UxgrQ17Mabne5I6cn5QdxTcqOBpoMe15jj2SDh1qoGlZoaygVYiCb1yXQekZx04xOrdPk9g0FK7HPWjGFnrFaLCDEwL7VMnXFYLLT7ubF4NAOciy2iBAOzQTaaD5r4sC7ZweRrTQkbKCts5AKBpyj4w61U9XFTcLDslYzzr1nKUZza8VyEiIXth1znE82HUOwxXFLJjVDPLT-JdXyS8asw
2020-12-20 16:34:22 INFO  Demo_01_base:36 - UxgrQ17Mabne5I6cn5QdxTcqOBpoMe15jj2SDh1qoGlZoaygVYiCb1yXQekZx04xOrdPk9g0FK7HPWjGFnrFaLCDEwL7VMnXFYLLT7ubF4NAOciy2iBAOzQTaaD5r4sC7ZweRrTQkbKCts5AKBpyj4w61U9XFTcLDslYzzr1nKUZza8VyEiIXth1znE82HUOwxXFLJjVDPLT-JdXyS8asw
2020-12-20 16:36:19 INFO  Demo_01_base:89 - JZDargl12DQ6GHo4YCqScDbBgcqI7Vi6mZI7n8UU6zA7DCFwssPaWrNjtFMHyOkwRGfn9cSZ0JzrOgGoO80PunibDzyXmRpIqoqrto_ubW8SXlNTs7-hxii5U7LbgOT_F9uqtb8hARClOmnBCFrkbA_poXnrns5Ag05hFg0jhP0d8P_wOSuUB6HDG7JPz1punoY3SLp7_UcirMc1Q_edNg
2020-12-20 16:36:19 INFO  Demo_01_base:57 - JZDargl12DQ6GHo4YCqScDbBgcqI7Vi6mZI7n8UU6zA7DCFwssPaWrNjtFMHyOkwRGfn9cSZ0JzrOgGoO80PunibDzyXmRpIqoqrto_ubW8SXlNTs7-hxii5U7LbgOT_F9uqtb8hARClOmnBCFrkbA_poXnrns5Ag05hFg0jhP0d8P_wOSuUB6HDG7JPz1punoY3SLp7_UcirMc1Q_edNg
2020-12-20 16:36:20 INFO  Demo_01_base:76 - JZDargl12DQ6GHo4YCqScDbBgcqI7Vi6mZI7n8UU6zA7DCFwssPaWrNjtFMHyOkwRGfn9cSZ0JzrOgGoO80PunibDzyXmRpIqoqrto_ubW8SXlNTs7-hxii5U7LbgOT_F9uqtb8hARClOmnBCFrkbA_poXnrns5Ag05hFg0jhP0d8P_wOSuUB6HDG7JPz1punoY3SLp7_UcirMc1Q_edNg
2020-12-20 16:36:20 INFO  Demo_01_base:38 - JZDargl12DQ6GHo4YCqScDbBgcqI7Vi6mZI7n8UU6zA7DCFwssPaWrNjtFMHyOkwRGfn9cSZ0JzrOgGoO80PunibDzyXmRpIqoqrto_ubW8SXlNTs7-hxii5U7LbgOT_F9uqtb8hARClOmnBCFrkbA_poXnrns5Ag05hFg0jhP0d8P_wOSuUB6HDG7JPz1punoY3SLp7_UcirMc1Q_edNg
2020-12-20 16:57:57 INFO  Demo_01_base:88 - JZDargl12DQ6GHo4YCqScDbBgcqI7Vi6mZI7n8UU6zA7DCFwssPaWrNjtFMHyOkwRGfn9cSZ0JzrOgGoO80PunibDzyXmRpIqoqrto_ubW8SXlNTs7-hxii5U7LbgOT_F9uqtb8hARClOmnBCFrkbA_poXnrns5Ag05hFg0jhP0d8P_wOSuUB6HDG7JPz1punoY3SLp7_UcirMc1Q_edNg
2020-12-20 16:57:58 INFO  Demo_01_base:56 - JZDargl12DQ6GHo4YCqScDbBgcqI7Vi6mZI7n8UU6zA7DCFwssPaWrNjtFMHyOkwRGfn9cSZ0JzrOgGoO80PunibDzyXmRpIqoqrto_ubW8SXlNTs7-hxii5U7LbgOT_F9uqtb8hARClOmnBCFrkbA_poXnrns5Ag05hFg0jhP0d8P_wOSuUB6HDG7JPz1punoY3SLp7_UcirMc1Q_edNg
2020-12-20 16:57:58 INFO  Demo_01_base:75 - JZDargl12DQ6GHo4YCqScDbBgcqI7Vi6mZI7n8UU6zA7DCFwssPaWrNjtFMHyOkwRGfn9cSZ0JzrOgGoO80PunibDzyXmRpIqoqrto_ubW8SXlNTs7-hxii5U7LbgOT_F9uqtb8hARClOmnBCFrkbA_poXnrns5Ag05hFg0jhP0d8P_wOSuUB6HDG7JPz1punoY3SLp7_UcirMc1Q_edNg
2020-12-20 16:57:58 INFO  Demo_01_base:38 - JZDargl12DQ6GHo4YCqScDbBgcqI7Vi6mZI7n8UU6zA7DCFwssPaWrNjtFMHyOkwRGfn9cSZ0JzrOgGoO80PunibDzyXmRpIqoqrto_ubW8SXlNTs7-hxii5U7LbgOT_F9uqtb8hARClOmnBCFrkbA_poXnrns5Ag05hFg0jhP0d8P_wOSuUB6HDG7JPz1punoY3SLp7_UcirMc1Q_edNg
2020-12-20 17:05:56 INFO  Demo_01_base:88 - JZDargl12DQ6GHo4YCqScDbBgcqI7Vi6mZI7n8UU6zA7DCFwssPaWrNjtFMHyOkwRGfn9cSZ0JzrOgGoO80PunibDzyXmRpIqoqrto_ubW8SXlNTs7-hxii5U7LbgOT_F9uqtb8hARClOmnBCFrkbA_poXnrns5Ag05hFg0jhP0d8P_wOSuUB6HDG7JPz1punoY3SLp7_UcirMc1Q_edNg
2020-12-20 17:05:57 INFO  Demo_01_base:56 - JZDargl12DQ6GHo4YCqScDbBgcqI7Vi6mZI7n8UU6zA7DCFwssPaWrNjtFMHyOkwRGfn9cSZ0JzrOgGoO80PunibDzyXmRpIqoqrto_ubW8SXlNTs7-hxii5U7LbgOT_F9uqtb8hARClOmnBCFrkbA_poXnrns5Ag05hFg0jhP0d8P_wOSuUB6HDG7JPz1punoY3SLp7_UcirMc1Q_edNg
2020-12-20 17:05:57 INFO  Demo_01_base:75 - JZDargl12DQ6GHo4YCqScDbBgcqI7Vi6mZI7n8UU6zA7DCFwssPaWrNjtFMHyOkwRGfn9cSZ0JzrOgGoO80PunibDzyXmRpIqoqrto_ubW8SXlNTs7-hxii5U7LbgOT_F9uqtb8hARClOmnBCFrkbA_poXnrns5Ag05hFg0jhP0d8P_wOSuUB6HDG7JPz1punoY3SLp7_UcirMc1Q_edNg
2020-12-20 17:05:57 INFO  Demo_01_base:38 - JZDargl12DQ6GHo4YCqScDbBgcqI7Vi6mZI7n8UU6zA7DCFwssPaWrNjtFMHyOkwRGfn9cSZ0JzrOgGoO80PunibDzyXmRpIqoqrto_ubW8SXlNTs7-hxii5U7LbgOT_F9uqtb8hARClOmnBCFrkbA_poXnrns5Ag05hFg0jhP0d8P_wOSuUB6HDG7JPz1punoY3SLp7_UcirMc1Q_edNg
2020-12-20 17:08:06 INFO  Demo_01_base:92 - JZDargl12DQ6GHo4YCqScDbBgcqI7Vi6mZI7n8UU6zA7DCFwssPaWrNjtFMHyOkwRGfn9cSZ0JzrOgGoO80PunibDzyXmRpIqoqrto_ubW8SXlNTs7-hxii5U7LbgOT_F9uqtb8hARClOmnBCFrkbA_poXnrns5Ag05hFg0jhP0d8P_wOSuUB6HDG7JPz1punoY3SLp7_UcirMc1Q_edNg
2020-12-20 17:08:07 INFO  Demo_01_base:58 - JZDargl12DQ6GHo4YCqScDbBgcqI7Vi6mZI7n8UU6zA7DCFwssPaWrNjtFMHyOkwRGfn9cSZ0JzrOgGoO80PunibDzyXmRpIqoqrto_ubW8SXlNTs7-hxii5U7LbgOT_F9uqtb8hARClOmnBCFrkbA_poXnrns5Ag05hFg0jhP0d8P_wOSuUB6HDG7JPz1punoY3SLp7_UcirMc1Q_edNg
2020-12-20 17:08:07 INFO  Demo_01_base:78 - JZDargl12DQ6GHo4YCqScDbBgcqI7Vi6mZI7n8UU6zA7DCFwssPaWrNjtFMHyOkwRGfn9cSZ0JzrOgGoO80PunibDzyXmRpIqoqrto_ubW8SXlNTs7-hxii5U7LbgOT_F9uqtb8hARClOmnBCFrkbA_poXnrns5Ag05hFg0jhP0d8P_wOSuUB6HDG7JPz1punoY3SLp7_UcirMc1Q_edNg
2020-12-20 17:08:07 INFO  Demo_01_base:39 - JZDargl12DQ6GHo4YCqScDbBgcqI7Vi6mZI7n8UU6zA7DCFwssPaWrNjtFMHyOkwRGfn9cSZ0JzrOgGoO80PunibDzyXmRpIqoqrto_ubW8SXlNTs7-hxii5U7LbgOT_F9uqtb8hARClOmnBCFrkbA_poXnrns5Ag05hFg0jhP0d8P_wOSuUB6HDG7JPz1punoY3SLp7_UcirMc1Q_edNg
2020-12-20 17:12:58 INFO  Demo_01_base_Test:92 - JZDargl12DQ6GHo4YCqScDbBgcqI7Vi6mZI7n8UU6zA7DCFwssPaWrNjtFMHyOkwRGfn9cSZ0JzrOgGoO80PunibDzyXmRpIqoqrto_ubW8SXlNTs7-hxii5U7LbgOT_F9uqtb8hARClOmnBCFrkbA_poXnrns5Ag05hFg0jhP0d8P_wOSuUB6HDG7JPz1punoY3SLp7_UcirMc1Q_edNg
2020-12-20 17:12:59 INFO  Demo_01_base_Test:58 - JZDargl12DQ6GHo4YCqScDbBgcqI7Vi6mZI7n8UU6zA7DCFwssPaWrNjtFMHyOkwRGfn9cSZ0JzrOgGoO80PunibDzyXmRpIqoqrto_ubW8SXlNTs7-hxii5U7LbgOT_F9uqtb8hARClOmnBCFrkbA_poXnrns5Ag05hFg0jhP0d8P_wOSuUB6HDG7JPz1punoY3SLp7_UcirMc1Q_edNg
2020-12-20 17:12:59 INFO  Demo_01_base_Test:78 - JZDargl12DQ6GHo4YCqScDbBgcqI7Vi6mZI7n8UU6zA7DCFwssPaWrNjtFMHyOkwRGfn9cSZ0JzrOgGoO80PunibDzyXmRpIqoqrto_ubW8SXlNTs7-hxii5U7LbgOT_F9uqtb8hARClOmnBCFrkbA_poXnrns5Ag05hFg0jhP0d8P_wOSuUB6HDG7JPz1punoY3SLp7_UcirMc1Q_edNg
2020-12-20 17:13:00 INFO  Demo_01_base_Test:39 - JZDargl12DQ6GHo4YCqScDbBgcqI7Vi6mZI7n8UU6zA7DCFwssPaWrNjtFMHyOkwRGfn9cSZ0JzrOgGoO80PunibDzyXmRpIqoqrto_ubW8SXlNTs7-hxii5U7LbgOT_F9uqtb8hARClOmnBCFrkbA_poXnrns5Ag05hFg0jhP0d8P_wOSuUB6HDG7JPz1punoY3SLp7_UcirMc1Q_edNg
2020-12-20 17:14:32 INFO  Demo_01_base_Test:88 - JZDargl12DQ6GHo4YCqScDbBgcqI7Vi6mZI7n8UU6zA7DCFwssPaWrNjtFMHyOkwRGfn9cSZ0JzrOgGoO80PunibDzyXmRpIqoqrto_ubW8SXlNTs7-hxii5U7LbgOT_F9uqtb8hARClOmnBCFrkbA_poXnrns5Ag05hFg0jhP0d8P_wOSuUB6HDG7JPz1punoY3SLp7_UcirMc1Q_edNg
2020-12-20 17:14:33 INFO  Demo_01_base_Test:56 - JZDargl12DQ6GHo4YCqScDbBgcqI7Vi6mZI7n8UU6zA7DCFwssPaWrNjtFMHyOkwRGfn9cSZ0JzrOgGoO80PunibDzyXmRpIqoqrto_ubW8SXlNTs7-hxii5U7LbgOT_F9uqtb8hARClOmnBCFrkbA_poXnrns5Ag05hFg0jhP0d8P_wOSuUB6HDG7JPz1punoY3SLp7_UcirMc1Q_edNg
2020-12-20 17:14:33 INFO  Demo_01_base_Test:75 - JZDargl12DQ6GHo4YCqScDbBgcqI7Vi6mZI7n8UU6zA7DCFwssPaWrNjtFMHyOkwRGfn9cSZ0JzrOgGoO80PunibDzyXmRpIqoqrto_ubW8SXlNTs7-hxii5U7LbgOT_F9uqtb8hARClOmnBCFrkbA_poXnrns5Ag05hFg0jhP0d8P_wOSuUB6HDG7JPz1punoY3SLp7_UcirMc1Q_edNg
2020-12-20 17:14:33 INFO  Demo_01_base_Test:38 - JZDargl12DQ6GHo4YCqScDbBgcqI7Vi6mZI7n8UU6zA7DCFwssPaWrNjtFMHyOkwRGfn9cSZ0JzrOgGoO80PunibDzyXmRpIqoqrto_ubW8SXlNTs7-hxii5U7LbgOT_F9uqtb8hARClOmnBCFrkbA_poXnrns5Ag05hFg0jhP0d8P_wOSuUB6HDG7JPz1punoY3SLp7_UcirMc1Q_edNg
2020-12-20 17:34:16 INFO  Demo_01_base_Test:36 - JZDargl12DQ6GHo4YCqScDbBgcqI7Vi6mZI7n8UU6zA7DCFwssPaWrNjtFMHyOkwRGfn9cSZ0JzrOgGoO80PunibDzyXmRpIqoqrto_ubW8SXlNTs7-hxii5U7LbgOT_F9uqtb8hARClOmnBCFrkbA_poXnrns5Ag05hFg0jhP0d8P_wOSuUB6HDG7JPz1punoY3SLp7_UcirMc1Q_edNg
2020-12-20 17:34:16 INFO  Demo_01_base_Test:54 - JZDargl12DQ6GHo4YCqScDbBgcqI7Vi6mZI7n8UU6zA7DCFwssPaWrNjtFMHyOkwRGfn9cSZ0JzrOgGoO80PunibDzyXmRpIqoqrto_ubW8SXlNTs7-hxii5U7LbgOT_F9uqtb8hARClOmnBCFrkbA_poXnrns5Ag05hFg0jhP0d8P_wOSuUB6HDG7JPz1punoY3SLp7_UcirMc1Q_edNg
2020-12-20 17:34:16 INFO  Demo_01_base_Test:73 - JZDargl12DQ6GHo4YCqScDbBgcqI7Vi6mZI7n8UU6zA7DCFwssPaWrNjtFMHyOkwRGfn9cSZ0JzrOgGoO80PunibDzyXmRpIqoqrto_ubW8SXlNTs7-hxii5U7LbgOT_F9uqtb8hARClOmnBCFrkbA_poXnrns5Ag05hFg0jhP0d8P_wOSuUB6HDG7JPz1punoY3SLp7_UcirMc1Q_edNg
2020-12-20 17:34:17 INFO  Demo_01_base_Test:86 - JZDargl12DQ6GHo4YCqScDbBgcqI7Vi6mZI7n8UU6zA7DCFwssPaWrNjtFMHyOkwRGfn9cSZ0JzrOgGoO80PunibDzyXmRpIqoqrto_ubW8SXlNTs7-hxii5U7LbgOT_F9uqtb8hARClOmnBCFrkbA_poXnrns5Ag05hFg0jhP0d8P_wOSuUB6HDG7JPz1punoY3SLp7_UcirMc1Q_edNg
2020-12-20 17:35:23 INFO  Demo_01_base_Test:36 - JZDargl12DQ6GHo4YCqScDbBgcqI7Vi6mZI7n8UU6zA7DCFwssPaWrNjtFMHyOkwRGfn9cSZ0JzrOgGoO80PunibDzyXmRpIqoqrto_ubW8SXlNTs7-hxii5U7LbgOT_F9uqtb8hARClOmnBCFrkbA_poXnrns5Ag05hFg0jhP0d8P_wOSuUB6HDG7JPz1punoY3SLp7_UcirMc1Q_edNg
2020-12-20 17:35:24 INFO  Demo_01_base_Test:54 - JZDargl12DQ6GHo4YCqScDbBgcqI7Vi6mZI7n8UU6zA7DCFwssPaWrNjtFMHyOkwRGfn9cSZ0JzrOgGoO80PunibDzyXmRpIqoqrto_ubW8SXlNTs7-hxii5U7LbgOT_F9uqtb8hARClOmnBCFrkbA_poXnrns5Ag05hFg0jhP0d8P_wOSuUB6HDG7JPz1punoY3SLp7_UcirMc1Q_edNg
2020-12-20 17:35:24 INFO  Demo_01_base_Test:73 - JZDargl12DQ6GHo4YCqScDbBgcqI7Vi6mZI7n8UU6zA7DCFwssPaWrNjtFMHyOkwRGfn9cSZ0JzrOgGoO80PunibDzyXmRpIqoqrto_ubW8SXlNTs7-hxii5U7LbgOT_F9uqtb8hARClOmnBCFrkbA_poXnrns5Ag05hFg0jhP0d8P_wOSuUB6HDG7JPz1punoY3SLp7_UcirMc1Q_edNg
2020-12-20 17:35:24 INFO  Demo_01_base_Test:86 - JZDargl12DQ6GHo4YCqScDbBgcqI7Vi6mZI7n8UU6zA7DCFwssPaWrNjtFMHyOkwRGfn9cSZ0JzrOgGoO80PunibDzyXmRpIqoqrto_ubW8SXlNTs7-hxii5U7LbgOT_F9uqtb8hARClOmnBCFrkbA_poXnrns5Ag05hFg0jhP0d8P_wOSuUB6HDG7JPz1punoY3SLp7_UcirMc1Q_edNg
2020-12-20 17:36:43 INFO  Demo_01_base_Test:36 - JZDargl12DQ6GHo4YCqScDbBgcqI7Vi6mZI7n8UU6zA7DCFwssPaWrNjtFMHyOkwRGfn9cSZ0JzrOgGoO80PunibDzyXmRpIqoqrto_ubW8SXlNTs7-hxii5U7LbgOT_F9uqtb8hARClOmnBCFrkbA_poXnrns5Ag05hFg0jhP0d8P_wOSuUB6HDG7JPz1punoY3SLp7_UcirMc1Q_edNg
2020-12-20 17:36:43 INFO  Demo_01_base_Test:54 - JZDargl12DQ6GHo4YCqScDbBgcqI7Vi6mZI7n8UU6zA7DCFwssPaWrNjtFMHyOkwRGfn9cSZ0JzrOgGoO80PunibDzyXmRpIqoqrto_ubW8SXlNTs7-hxii5U7LbgOT_F9uqtb8hARClOmnBCFrkbA_poXnrns5Ag05hFg0jhP0d8P_wOSuUB6HDG7JPz1punoY3SLp7_UcirMc1Q_edNg
2020-12-20 17:36:43 INFO  Demo_01_base_Test:73 - JZDargl12DQ6GHo4YCqScDbBgcqI7Vi6mZI7n8UU6zA7DCFwssPaWrNjtFMHyOkwRGfn9cSZ0JzrOgGoO80PunibDzyXmRpIqoqrto_ubW8SXlNTs7-hxii5U7LbgOT_F9uqtb8hARClOmnBCFrkbA_poXnrns5Ag05hFg0jhP0d8P_wOSuUB6HDG7JPz1punoY3SLp7_UcirMc1Q_edNg
2020-12-20 17:36:44 INFO  Demo_01_base_Test:86 - JZDargl12DQ6GHo4YCqScDbBgcqI7Vi6mZI7n8UU6zA7DCFwssPaWrNjtFMHyOkwRGfn9cSZ0JzrOgGoO80PunibDzyXmRpIqoqrto_ubW8SXlNTs7-hxii5U7LbgOT_F9uqtb8hARClOmnBCFrkbA_poXnrns5Ag05hFg0jhP0d8P_wOSuUB6HDG7JPz1punoY3SLp7_UcirMc1Q_edNg
2020-12-20 17:57:22 INFO  Demo_01_base_Test:37 - JZDargl12DQ6GHo4YCqScDbBgcqI7Vi6mZI7n8UU6zA7DCFwssPaWrNjtFMHyOkwRGfn9cSZ0JzrOgGoO80PunibDzyXmRpIqoqrto_ubW8SXlNTs7-hxii5U7LbgOT_F9uqtb8hARClOmnBCFrkbA_poXnrns5Ag05hFg0jhP0d8P_wOSuUB6HDG7JPz1punoY3SLp7_UcirMc1Q_edNg
2020-12-20 17:57:23 INFO  Demo_01_base_Test:55 - JZDargl12DQ6GHo4YCqScDbBgcqI7Vi6mZI7n8UU6zA7DCFwssPaWrNjtFMHyOkwRGfn9cSZ0JzrOgGoO80PunibDzyXmRpIqoqrto_ubW8SXlNTs7-hxii5U7LbgOT_F9uqtb8hARClOmnBCFrkbA_poXnrns5Ag05hFg0jhP0d8P_wOSuUB6HDG7JPz1punoY3SLp7_UcirMc1Q_edNg
2020-12-20 17:57:23 INFO  Demo_01_base_Test:75 - JZDargl12DQ6GHo4YCqScDbBgcqI7Vi6mZI7n8UU6zA7DCFwssPaWrNjtFMHyOkwRGfn9cSZ0JzrOgGoO80PunibDzyXmRpIqoqrto_ubW8SXlNTs7-hxii5U7LbgOT_F9uqtb8hARClOmnBCFrkbA_poXnrns5Ag05hFg0jhP0d8P_wOSuUB6HDG7JPz1punoY3SLp7_UcirMc1Q_edNg
2020-12-20 17:57:24 INFO  Demo_01_base_Test:90 - JZDargl12DQ6GHo4YCqScDbBgcqI7Vi6mZI7n8UU6zA7DCFwssPaWrNjtFMHyOkwRGfn9cSZ0JzrOgGoO80PunibDzyXmRpIqoqrto_ubW8SXlNTs7-hxii5U7LbgOT_F9uqtb8hARClOmnBCFrkbA_poXnrns5Ag05hFg0jhP0d8P_wOSuUB6HDG7JPz1punoY3SLp7_UcirMc1Q_edNg
2020-12-20 18:01:48 INFO  Demo_01_base:37 - JZDargl12DQ6GHo4YCqScDbBgcqI7Vi6mZI7n8UU6zA7DCFwssPaWrNjtFMHyOkwRGfn9cSZ0JzrOgGoO80PunibDzyXmRpIqoqrto_ubW8SXlNTs7-hxii5U7LbgOT_F9uqtb8hARClOmnBCFrkbA_poXnrns5Ag05hFg0jhP0d8P_wOSuUB6HDG7JPz1punoY3SLp7_UcirMc1Q_edNg
2020-12-20 18:01:48 INFO  Demo_01_base:55 - JZDargl12DQ6GHo4YCqScDbBgcqI7Vi6mZI7n8UU6zA7DCFwssPaWrNjtFMHyOkwRGfn9cSZ0JzrOgGoO80PunibDzyXmRpIqoqrto_ubW8SXlNTs7-hxii5U7LbgOT_F9uqtb8hARClOmnBCFrkbA_poXnrns5Ag05hFg0jhP0d8P_wOSuUB6HDG7JPz1punoY3SLp7_UcirMc1Q_edNg
2020-12-20 18:01:49 INFO  Demo_01_base:75 - JZDargl12DQ6GHo4YCqScDbBgcqI7Vi6mZI7n8UU6zA7DCFwssPaWrNjtFMHyOkwRGfn9cSZ0JzrOgGoO80PunibDzyXmRpIqoqrto_ubW8SXlNTs7-hxii5U7LbgOT_F9uqtb8hARClOmnBCFrkbA_poXnrns5Ag05hFg0jhP0d8P_wOSuUB6HDG7JPz1punoY3SLp7_UcirMc1Q_edNg
2020-12-20 18:01:49 INFO  Demo_01_base:90 - JZDargl12DQ6GHo4YCqScDbBgcqI7Vi6mZI7n8UU6zA7DCFwssPaWrNjtFMHyOkwRGfn9cSZ0JzrOgGoO80PunibDzyXmRpIqoqrto_ubW8SXlNTs7-hxii5U7LbgOT_F9uqtb8hARClOmnBCFrkbA_poXnrns5Ag05hFg0jhP0d8P_wOSuUB6HDG7JPz1punoY3SLp7_UcirMc1Q_edNg
2020-12-21 02:23:19 INFO  Demo_03_01_repeat_timestamp:33 - N2B1U8Ohg-mcxdaJcFSBtipYyUqMB2M7Yp7GEnUeesYaqYHhytBP1fhuQEL4dv-O7wbHBerIEYCRDHF2wk7i_pDwstLDtLJVSBOE4rdGfuewnxGM2ry53kvNHRuB40aEqxt_GSdqiuVC_CwfwdHUgpfcxAIF8B6-rE-gq9vmIRemgWGjNQM95Nb6-y4hnA1JxoJnuIc4-saij77BNU01gA
2020-12-21 02:23:40 INFO  Demo_03_01_repeat_timestamp:33 - N2B1U8Ohg-mcxdaJcFSBtipYyUqMB2M7Yp7GEnUeesYaqYHhytBP1fhuQEL4dv-O7wbHBerIEYCRDHF2wk7i_pDwstLDtLJVSBOE4rdGfuewnxGM2ry53kvNHRuB40aEqxt_GSdqiuVC_CwfwdHUgpfcxAIF8B6-rE-gq9vmIRemgWGjNQM95Nb6-y4hnA1JxoJnuIc4-saij77BNU01gA
2020-12-21 02:23:57 INFO  Demo_03_01_repeat_timestamp:33 - N2B1U8Ohg-mcxdaJcFSBtipYyUqMB2M7Yp7GEnUeesYaqYHhytBP1fhuQEL4dv-O7wbHBerIEYCRDHF2wk7i_pDwstLDtLJVSBOE4rdGfuewnxGM2ry53kvNHRuB40aEqxt_GSdqiuVC_CwfwdHUgpfcxAIF8B6-rE-gq9vmIRemgWGjNQM95Nb6-y4hnA1JxoJnuIc4-saij77BNU01gA
2020-12-21 13:13:39 INFO  Demo_03_01_repeat_timestamp:34 - zhfxSH-Nsz4PLQK2G3fFZWayBWRm96F88-Ht-LSgzAc1viM7gvswnZusv8bA9aAlaeNSgdvIs1LeprUaEGodLgiv_i1aqOXH5wfHvBuvdQWBvvZqCSnC0yHv4zdJQXlHKBcnZ9gOJ45ZgBmsg-bqSXU9upaCDW2Y7D8_GMECdgJNucG3P9YAaxyu5NT26lqblt9wpbufH5aY5PAVlr-6Rg
2020-12-21 13:20:11 INFO  Demo_03_01_repeat_timestamp:34 - zhfxSH-Nsz4PLQK2G3fFZWayBWRm96F88-Ht-LSgzAc1viM7gvswnZusv8bA9aAlaeNSgdvIs1LeprUaEGodLgiv_i1aqOXH5wfHvBuvdQWBvvZqCSnC0yHv4zdJQXlHKBcnZ9gOJ45ZgBmsg-bqSXU9upaCDW2Y7D8_GMECdgJNucG3P9YAaxyu5NT26lqblt9wpbufH5aY5PAVlr-6Rg
2020-12-21 13:24:06 INFO  Demo_03_01_repeat_timestamp:34 - zhfxSH-Nsz4PLQK2G3fFZWayBWRm96F88-Ht-LSgzAc1viM7gvswnZusv8bA9aAlaeNSgdvIs1LeprUaEGodLgiv_i1aqOXH5wfHvBuvdQWBvvZqCSnC0yHv4zdJQXlHKBcnZ9gOJ45ZgBmsg-bqSXU9upaCDW2Y7D8_GMECdgJNucG3P9YAaxyu5NT26lqblt9wpbufH5aY5PAVlr-6Rg
2020-12-21 13:24:47 INFO  Demo_03_01_repeat_timestamp:34 - zhfxSH-Nsz4PLQK2G3fFZWayBWRm96F88-Ht-LSgzAc1viM7gvswnZusv8bA9aAlaeNSgdvIs1LeprUaEGodLgiv_i1aqOXH5wfHvBuvdQWBvvZqCSnC0yHv4zdJQXlHKBcnZ9gOJ45ZgBmsg-bqSXU9upaCDW2Y7D8_GMECdgJNucG3P9YAaxyu5NT26lqblt9wpbufH5aY5PAVlr-6Rg
2020-12-21 13:32:50 INFO  Demo_03_01_repeat_timestamp:34 - zhfxSH-Nsz4PLQK2G3fFZWayBWRm96F88-Ht-LSgzAc1viM7gvswnZusv8bA9aAlaeNSgdvIs1LeprUaEGodLgiv_i1aqOXH5wfHvBuvdQWBvvZqCSnC0yHv4zdJQXlHKBcnZ9gOJ45ZgBmsg-bqSXU9upaCDW2Y7D8_GMECdgJNucG3P9YAaxyu5NT26lqblt9wpbufH5aY5PAVlr-6Rg
2020-12-21 13:37:30 INFO  Demo_03_01_repeat_timestamp:34 - zhfxSH-Nsz4PLQK2G3fFZWayBWRm96F88-Ht-LSgzAc1viM7gvswnZusv8bA9aAlaeNSgdvIs1LeprUaEGodLgiv_i1aqOXH5wfHvBuvdQWBvvZqCSnC0yHv4zdJQXlHKBcnZ9gOJ45ZgBmsg-bqSXU9upaCDW2Y7D8_GMECdgJNucG3P9YAaxyu5NT26lqblt9wpbufH5aY5PAVlr-6Rg
2020-12-21 13:46:29 INFO  Demo_03_01_repeat_timestamp:34 - zhfxSH-Nsz4PLQK2G3fFZWayBWRm96F88-Ht-LSgzAc1viM7gvswnZusv8bA9aAlaeNSgdvIs1LeprUaEGodLgiv_i1aqOXH5wfHvBuvdQWBvvZqCSnC0yHv4zdJQXlHKBcnZ9gOJ45ZgBmsg-bqSXU9upaCDW2Y7D8_GMECdgJNucG3P9YAaxyu5NT26lqblt9wpbufH5aY5PAVlr-6Rg
2020-12-21 13:47:15 INFO  Demo_03_01_repeat_timestamp:34 - zhfxSH-Nsz4PLQK2G3fFZWayBWRm96F88-Ht-LSgzAc1viM7gvswnZusv8bA9aAlaeNSgdvIs1LeprUaEGodLgiv_i1aqOXH5wfHvBuvdQWBvvZqCSnC0yHv4zdJQXlHKBcnZ9gOJ45ZgBmsg-bqSXU9upaCDW2Y7D8_GMECdgJNucG3P9YAaxyu5NT26lqblt9wpbufH5aY5PAVlr-6Rg
2020-12-21 13:54:50 INFO  Demo_03_02_repeat_evnclear:32 - zhfxSH-Nsz4PLQK2G3fFZWayBWRm96F88-Ht-LSgzAc1viM7gvswnZusv8bA9aAlaeNSgdvIs1LeprUaEGodLgiv_i1aqOXH5wfHvBuvdQWBvvZqCSnC0yHv4zdJQXlHKBcnZ9gOJ45ZgBmsg-bqSXU9upaCDW2Y7D8_GMECdgJNucG3P9YAaxyu5NT26lqblt9wpbufH5aY5PAVlr-6Rg
2020-12-21 13:56:42 INFO  Demo_03_02_repeat_evnclear:32 - zhfxSH-Nsz4PLQK2G3fFZWayBWRm96F88-Ht-LSgzAc1viM7gvswnZusv8bA9aAlaeNSgdvIs1LeprUaEGodLgiv_i1aqOXH5wfHvBuvdQWBvvZqCSnC0yHv4zdJQXlHKBcnZ9gOJ45ZgBmsg-bqSXU9upaCDW2Y7D8_GMECdgJNucG3P9YAaxyu5NT26lqblt9wpbufH5aY5PAVlr-6Rg
2020-12-21 13:57:02 INFO  Demo_03_02_repeat_evnclear:32 - zhfxSH-Nsz4PLQK2G3fFZWayBWRm96F88-Ht-LSgzAc1viM7gvswnZusv8bA9aAlaeNSgdvIs1LeprUaEGodLgiv_i1aqOXH5wfHvBuvdQWBvvZqCSnC0yHv4zdJQXlHKBcnZ9gOJ45ZgBmsg-bqSXU9upaCDW2Y7D8_GMECdgJNucG3P9YAaxyu5NT26lqblt9wpbufH5aY5PAVlr-6Rg
2020-12-21 13:58:05 INFO  Demo_03_02_repeat_evnclear:32 - zhfxSH-Nsz4PLQK2G3fFZWayBWRm96F88-Ht-LSgzAc1viM7gvswnZusv8bA9aAlaeNSgdvIs1LeprUaEGodLgiv_i1aqOXH5wfHvBuvdQWBvvZqCSnC0yHv4zdJQXlHKBcnZ9gOJ45ZgBmsg-bqSXU9upaCDW2Y7D8_GMECdgJNucG3P9YAaxyu5NT26lqblt9wpbufH5aY5PAVlr-6Rg
2020-12-21 13:58:50 INFO  Demo_03_02_repeat_evnclear:32 - zhfxSH-Nsz4PLQK2G3fFZWayBWRm96F88-Ht-LSgzAc1viM7gvswnZusv8bA9aAlaeNSgdvIs1LeprUaEGodLgiv_i1aqOXH5wfHvBuvdQWBvvZqCSnC0yHv4zdJQXlHKBcnZ9gOJ45ZgBmsg-bqSXU9upaCDW2Y7D8_GMECdgJNucG3P9YAaxyu5NT26lqblt9wpbufH5aY5PAVlr-6Rg
2020-12-21 13:59:19 INFO  Demo_03_02_repeat_evnclear:32 - zhfxSH-Nsz4PLQK2G3fFZWayBWRm96F88-Ht-LSgzAc1viM7gvswnZusv8bA9aAlaeNSgdvIs1LeprUaEGodLgiv_i1aqOXH5wfHvBuvdQWBvvZqCSnC0yHv4zdJQXlHKBcnZ9gOJ45ZgBmsg-bqSXU9upaCDW2Y7D8_GMECdgJNucG3P9YAaxyu5NT26lqblt9wpbufH5aY5PAVlr-6Rg
2020-12-21 21:40:45 INFO  Demo_03_02_repeat_evnclear:34 - gLOff87vqnGEQLJAJdNa1QY5malp9ryosaf5bp_cdD36aU-EbH_JtMh5g4R5nnrLLW9FLMCb_XEaJ6mqxbryLP1uq5bAoRZV1hBlZjC2Xe66mrPn6LqqYpSFtgGv4wh9vj9xD0lC_APo6XzjIG8Qo9IHgoqlw3LYpLGJV8_gKXhGcVkezYj478Jxxd6hs0X42Tr4DMXtYSFsOfSIXXMEAw
2020-12-21 21:43:50 INFO  Demo_03_02_repeat_evnclear:34 - gLOff87vqnGEQLJAJdNa1QY5malp9ryosaf5bp_cdD36aU-EbH_JtMh5g4R5nnrLLW9FLMCb_XEaJ6mqxbryLP1uq5bAoRZV1hBlZjC2Xe66mrPn6LqqYpSFtgGv4wh9vj9xD0lC_APo6XzjIG8Qo9IHgoqlw3LYpLGJV8_gKXhGcVkezYj478Jxxd6hs0X42Tr4DMXtYSFsOfSIXXMEAw
2020-12-22 12:56:07 INFO  Demo_03_02_repeat_evnclear:34 - 8KJsWAPwfFQxP0Y34L3J1icdIIrRhsJsU_hXeYwSxBrB-E_IFf6Jt7eS-xp2YpEzrR-GR5mOEd2XVwf1POpfWNEvN4mfELR1b3WlgfarMs6YiFSCIoHMEqus0apP9K8qZ0KI4u8gnNpYR9vymDR4G-RvseYVU_KZ7QepuMQ8NnaZMTmNjeofHwLlRWhsOp6XoRdA1rOWFnWLS3ueKuA_Rg
2020-12-22 13:06:05 INFO  Demo_03_02_repeat_evnclear:36 - 8KJsWAPwfFQxP0Y34L3J1icdIIrRhsJsU_hXeYwSxBrB-E_IFf6Jt7eS-xp2YpEzrR-GR5mOEd2XVwf1POpfWNEvN4mfELR1b3WlgfarMs6YiFSCIoHMEqus0apP9K8qZ0KI4u8gnNpYR9vymDR4G-RvseYVU_KZ7QepuMQ8NnaZMTmNjeofHwLlRWhsOp6XoRdA1rOWFnWLS3ueKuA_Rg
2020-12-22 13:24:25 INFO  Demo_03_02_repeat_evnclear:36 - 8KJsWAPwfFQxP0Y34L3J1icdIIrRhsJsU_hXeYwSxBrB-E_IFf6Jt7eS-xp2YpEzrR-GR5mOEd2XVwf1POpfWNEvN4mfELR1b3WlgfarMs6YiFSCIoHMEqus0apP9K8qZ0KI4u8gnNpYR9vymDR4G-RvseYVU_KZ7QepuMQ8NnaZMTmNjeofHwLlRWhsOp6XoRdA1rOWFnWLS3ueKuA_Rg
2020-12-23 01:32:56 INFO  Demo_03_01_repeat_timestamp:34 - 70F-WnzOJ2NTZ2THsTRmvylATaugajTlWeegJqh0glmdwHuZJ2PZ2nxqE5tcnRij8kR3-RrzXcHI3hayPhtFyYXNQ6iic5ErXNgf7N8X2g_r8d9Zc55bPTWL5s72jKTA_DAWe1xbgqnKDU3XZuiSKXs_EkMAucz9TJ0-4ftEw1lzjwAieFFw9R_PkWgopPWF3m5Lhq0jMML4p43gRNljgg
2020-12-23 01:33:21 INFO  Demo_03_01_repeat_timestamp:34 - 70F-WnzOJ2NTZ2THsTRmvylATaugajTlWeegJqh0glmdwHuZJ2PZ2nxqE5tcnRij8kR3-RrzXcHI3hayPhtFyYXNQ6iic5ErXNgf7N8X2g_r8d9Zc55bPTWL5s72jKTA_DAWe1xbgqnKDU3XZuiSKXs_EkMAucz9TJ0-4ftEw1lzjwAieFFw9R_PkWgopPWF3m5Lhq0jMML4p43gRNljgg
2020-12-23 01:38:15 INFO  Demo_04_01_layer:33 - 70F-WnzOJ2NTZ2THsTRmvylATaugajTlWeegJqh0glmdwHuZJ2PZ2nxqE5tcnRij8kR3-RrzXcHI3hayPhtFyYXNQ6iic5ErXNgf7N8X2g_r8d9Zc55bPTWL5s72jKTA_DAWe1xbgqnKDU3XZuiSKXs_EkMAucz9TJ0-4ftEw1lzjwAieFFw9R_PkWgopPWF3m5Lhq0jMML4p43gRNljgg
2020-12-23 02:39:38 INFO  Demo_04_01_layer:32 - 70F-WnzOJ2NTZ2THsTRmvylATaugajTlWeegJqh0glmdwHuZJ2PZ2nxqE5tcnRij8kR3-RrzXcHI3hayPhtFyYXNQ6iic5ErXNgf7N8X2g_r8d9Zc55bPTWL5s72jKTA_DAWe1xbgqnKDU3XZuiSKXs_EkMAucz9TJ0-4ftEw1lzjwAieFFw9R_PkWgopPWF3m5Lhq0jMML4p43gRNljgg
2020-12-23 02:48:18 INFO  Demo_04_01_layer:32 - 70F-WnzOJ2NTZ2THsTRmvylATaugajTlWeegJqh0glmdwHuZJ2PZ2nxqE5tcnRij8kR3-RrzXcHI3hayPhtFyYXNQ6iic5ErXNgf7N8X2g_r8d9Zc55bPTWL5s72jKTA_DAWe1xbgqnKDU3XZuiSKXs_EkMAucz9TJ0-4ftEw1lzjwAieFFw9R_PkWgopPWF3m5Lhq0jMML4p43gRNljgg
2020-12-23 02:57:28 INFO  Demo_04_01_layer:32 - 70F-WnzOJ2NTZ2THsTRmvylATaugajTlWeegJqh0glmdwHuZJ2PZ2nxqE5tcnRij8kR3-RrzXcHI3hayPhtFyYXNQ6iic5ErXNgf7N8X2g_r8d9Zc55bPTWL5s72jKTA_DAWe1xbgqnKDU3XZuiSKXs_EkMAucz9TJ0-4ftEw1lzjwAieFFw9R_PkWgopPWF3m5Lhq0jMML4p43gRNljgg
2020-12-23 03:05:18 INFO  Demo_04_01_layer:32 - 70F-WnzOJ2NTZ2THsTRmvylATaugajTlWeegJqh0glmdwHuZJ2PZ2nxqE5tcnRij8kR3-RrzXcHI3hayPhtFyYXNQ6iic5ErXNgf7N8X2g_r8d9Zc55bPTWL5s72jKTA_DAWe1xbgqnKDU3XZuiSKXs_EkMAucz9TJ0-4ftEw1lzjwAieFFw9R_PkWgopPWF3m5Lhq0jMML4p43gRNljgg
2020-12-23 03:11:20 INFO  Demo_04_01_layer:32 - 70F-WnzOJ2NTZ2THsTRmvylATaugajTlWeegJqh0glmdwHuZJ2PZ2nxqE5tcnRij8kR3-RrzXcHI3hayPhtFyYXNQ6iic5ErXNgf7N8X2g_r8d9Zc55bPTWL5s72jKTA_DAWe1xbgqnKDU3XZuiSKXs_EkMAucz9TJ0-4ftEw1lzjwAieFFw9R_PkWgopPWF3m5Lhq0jMML4p43gRNljgg
2020-12-23 03:19:26 INFO  Demo_04_01_layer:32 - 70F-WnzOJ2NTZ2THsTRmvylATaugajTlWeegJqh0glmdwHuZJ2PZ2nxqE5tcnRij8kR3-RrzXcHI3hayPhtFyYXNQ6iic5ErXNgf7N8X2g_r8d9Zc55bPTWL5s72jKTA_DAWe1xbgqnKDU3XZuiSKXs_EkMAucz9TJ0-4ftEw1lzjwAieFFw9R_PkWgopPWF3m5Lhq0jMML4p43gRNljgg
2020-12-24 04:42:09 INFO  Demo_04_01_layer:33 - dStRq7aY4u5E1R4q3XtpiTaiMGp6kC147ZCB5lR3v02VIULyVWFxOWfxmLkSxGQDgVifV0SajMmsxBwLgp-FiDtjRqCtg6A7i5YjSbnCU3Pd7QdJUfVTIl0YU9733tNRUFDDUAFdUWT1DkztORjN6RsKcnmV6NvA6LJB3gr2ry-H8HOpGNQ5c9EIhWLfyCg9EFHtbd8cTSxafpAJ8OdWsw
2020-12-24 05:04:28 INFO  Demo_03_02_repeat_evnclear:37 - dStRq7aY4u5E1R4q3XtpiTaiMGp6kC147ZCB5lR3v02VIULyVWFxOWfxmLkSxGQDgVifV0SajMmsxBwLgp-FiDtjRqCtg6A7i5YjSbnCU3Pd7QdJUfVTIl0YU9733tNRUFDDUAFdUWT1DkztORjN6RsKcnmV6NvA6LJB3gr2ry-H8HOpGNQ5c9EIhWLfyCg9EFHtbd8cTSxafpAJ8OdWsw
2020-12-24 05:05:58 INFO  Demo_03_02_repeat_evnclear:37 - dStRq7aY4u5E1R4q3XtpiTaiMGp6kC147ZCB5lR3v02VIULyVWFxOWfxmLkSxGQDgVifV0SajMmsxBwLgp-FiDtjRqCtg6A7i5YjSbnCU3Pd7QdJUfVTIl0YU9733tNRUFDDUAFdUWT1DkztORjN6RsKcnmV6NvA6LJB3gr2ry-H8HOpGNQ5c9EIhWLfyCg9EFHtbd8cTSxafpAJ8OdWsw
2020-12-24 05:23:22 INFO  Demo_05_param_demo:34 - dStRq7aY4u5E1R4q3XtpiTaiMGp6kC147ZCB5lR3v02VIULyVWFxOWfxmLkSxGQDgVifV0SajMmsxBwLgp-FiDtjRqCtg6A7i5YjSbnCU3Pd7QdJUfVTIl0YU9733tNRUFDDUAFdUWT1DkztORjN6RsKcnmV6NvA6LJB3gr2ry-H8HOpGNQ5c9EIhWLfyCg9EFHtbd8cTSxafpAJ8OdWsw
2020-12-24 05:34:12 INFO  Demo_05_param_demo:34 - dStRq7aY4u5E1R4q3XtpiTaiMGp6kC147ZCB5lR3v02VIULyVWFxOWfxmLkSxGQDgVifV0SajMmsxBwLgp-FiDtjRqCtg6A7i5YjSbnCU3Pd7QdJUfVTIl0YU9733tNRUFDDUAFdUWT1DkztORjN6RsKcnmV6NvA6LJB3gr2ry-H8HOpGNQ5c9EIhWLfyCg9EFHtbd8cTSxafpAJ8OdWsw
2020-12-24 05:58:32 INFO  Demo_05_param_demo:35 - dStRq7aY4u5E1R4q3XtpiTaiMGp6kC147ZCB5lR3v02VIULyVWFxOWfxmLkSxGQDgVifV0SajMmsxBwLgp-FiDtjRqCtg6A7i5YjSbnCU3Pd7QdJUfVTIl0YU9733tNRUFDDUAFdUWT1DkztORjN6RsKcnmV6NvA6LJB3gr2ry-H8HOpGNQ5c9EIhWLfyCg9EFHtbd8cTSxafpAJ8OdWsw
2020-12-24 05:59:00 INFO  DefaultHttpClient:625 - I/O exception (java.net.SocketException) caught when connecting to {s}->https://qyapi.weixin.qq.com:443: Connection reset
2020-12-24 05:59:00 INFO  DefaultHttpClient:633 - Retrying connect to {s}->https://qyapi.weixin.qq.com:443
2020-12-24 06:03:59 INFO  Demo_05_softassert:36 - dStRq7aY4u5E1R4q3XtpiTaiMGp6kC147ZCB5lR3v02VIULyVWFxOWfxmLkSxGQDgVifV0SajMmsxBwLgp-FiDtjRqCtg6A7i5YjSbnCU3Pd7QdJUfVTIl0YU9733tNRUFDDUAFdUWT1DkztORjN6RsKcnmV6NvA6LJB3gr2ry-H8HOpGNQ5c9EIhWLfyCg9EFHtbd8cTSxafpAJ8OdWsw
2020-12-24 06:04:15 INFO  Demo_05_softassert:36 - dStRq7aY4u5E1R4q3XtpiTaiMGp6kC147ZCB5lR3v02VIULyVWFxOWfxmLkSxGQDgVifV0SajMmsxBwLgp-FiDtjRqCtg6A7i5YjSbnCU3Pd7QdJUfVTIl0YU9733tNRUFDDUAFdUWT1DkztORjN6RsKcnmV6NvA6LJB3gr2ry-H8HOpGNQ5c9EIhWLfyCg9EFHtbd8cTSxafpAJ8OdWsw
2020-12-24 06:07:51 INFO  Demo_05_softassert:36 - dStRq7aY4u5E1R4q3XtpiTaiMGp6kC147ZCB5lR3v02VIULyVWFxOWfxmLkSxGQDgVifV0SajMmsxBwLgp-FiDtjRqCtg6A7i5YjSbnCU3Pd7QdJUfVTIl0YU9733tNRUFDDUAFdUWT1DkztORjN6RsKcnmV6NvA6LJB3gr2ry-H8HOpGNQ5c9EIhWLfyCg9EFHtbd8cTSxafpAJ8OdWsw
2020-12-24 06:25:35 INFO  Demo_06_1_thread_creatdepartment:25 - dStRq7aY4u5E1R4q3XtpiTaiMGp6kC147ZCB5lR3v02VIULyVWFxOWfxmLkSxGQDgVifV0SajMmsxBwLgp-FiDtjRqCtg6A7i5YjSbnCU3Pd7QdJUfVTIl0YU9733tNRUFDDUAFdUWT1DkztORjN6RsKcnmV6NvA6LJB3gr2ry-H8HOpGNQ5c9EIhWLfyCg9EFHtbd8cTSxafpAJ8OdWsw
2020-12-24 06:33:16 INFO  Demo_06_02_concurent:31 - dStRq7aY4u5E1R4q3XtpiTaiMGp6kC147ZCB5lR3v02VIULyVWFxOWfxmLkSxGQDgVifV0SajMmsxBwLgp-FiDtjRqCtg6A7i5YjSbnCU3Pd7QdJUfVTIl0YU9733tNRUFDDUAFdUWT1DkztORjN6RsKcnmV6NvA6LJB3gr2ry-H8HOpGNQ5c9EIhWLfyCg9EFHtbd8cTSxafpAJ8OdWsw
2020-12-24 06:38:08 INFO  Demo_06_02_concurent:31 - dStRq7aY4u5E1R4q3XtpiTaiMGp6kC147ZCB5lR3v02VIULyVWFxOWfxmLkSxGQDgVifV0SajMmsxBwLgp-FiDtjRqCtg6A7i5YjSbnCU3Pd7QdJUfVTIl0YU9733tNRUFDDUAFdUWT1DkztORjN6RsKcnmV6NvA6LJB3gr2ry-H8HOpGNQ5c9EIhWLfyCg9EFHtbd8cTSxafpAJ8OdWsw
2020-12-24 06:55:13 INFO  Demo_06_02_concurent:31 - yf2F6HAS4HEafWFgywKnAPKFWiUcpAPYS9UOna4dXo-tMSG6Ux03oOaixS8Ru2_sCkmo9M3yty5lhaZ6ToRwtVDWNGJqsPPAto0quPYOV1rZiT3xAsDcF3Kz-S0MAjfvX6Kw9a3cgH2Bt6sAigvLnby7tTI0zQfEMZ4UO0kN6jF3EuENAz9J-O_60XULhCVbLf4KbZJ_HmfdeNvfinb_Fw
2020-12-24 23:26:41 INFO  Demo_05_softassert:37 - F0MHBNPLVPvWSDbNYACDsmSdxU3F8sDQ6nKoKDLu2Vw3EP_Zo6oVJtgY7M9rNE6z9_VC8eenocOdulEO12r2kHkDWGDKqg5s16TwMHYS_X0hOJ_Zw1u5detoRZ18L7FtD5KL8f7zbKwOE9-nx3XBpTxKVo5n58FMcFYDOenb0NeY7X5j0_64NABEvX3IXaMMfpvJZok01GVsI_nXemLSvQ
2020-12-24 23:38:30 INFO  Demo_05_param_demo:35 - F0MHBNPLVPvWSDbNYACDsmSdxU3F8sDQ6nKoKDLu2Vw3EP_Zo6oVJtgY7M9rNE6z9_VC8eenocOdulEO12r2kHkDWGDKqg5s16TwMHYS_X0hOJ_Zw1u5detoRZ18L7FtD5KL8f7zbKwOE9-nx3XBpTxKVo5n58FMcFYDOenb0NeY7X5j0_64NABEvX3IXaMMfpvJZok01GVsI_nXemLSvQ
2020-12-24 23:40:51 INFO  Demo_05_param_demo:35 - F0MHBNPLVPvWSDbNYACDsmSdxU3F8sDQ6nKoKDLu2Vw3EP_Zo6oVJtgY7M9rNE6z9_VC8eenocOdulEO12r2kHkDWGDKqg5s16TwMHYS_X0hOJ_Zw1u5detoRZ18L7FtD5KL8f7zbKwOE9-nx3XBpTxKVo5n58FMcFYDOenb0NeY7X5j0_64NABEvX3IXaMMfpvJZok01GVsI_nXemLSvQ
2020-12-24 23:43:14 INFO  Demo_05_param_demo_Test:35 - F0MHBNPLVPvWSDbNYACDsmSdxU3F8sDQ6nKoKDLu2Vw3EP_Zo6oVJtgY7M9rNE6z9_VC8eenocOdulEO12r2kHkDWGDKqg5s16TwMHYS_X0hOJ_Zw1u5detoRZ18L7FtD5KL8f7zbKwOE9-nx3XBpTxKVo5n58FMcFYDOenb0NeY7X5j0_64NABEvX3IXaMMfpvJZok01GVsI_nXemLSvQ
2020-12-24 23:50:28 INFO  Demo_05_param_demo_Test:35 - F0MHBNPLVPvWSDbNYACDsmSdxU3F8sDQ6nKoKDLu2Vw3EP_Zo6oVJtgY7M9rNE6z9_VC8eenocOdulEO12r2kHkDWGDKqg5s16TwMHYS_X0hOJ_Zw1u5detoRZ18L7FtD5KL8f7zbKwOE9-nx3XBpTxKVo5n58FMcFYDOenb0NeY7X5j0_64NABEvX3IXaMMfpvJZok01GVsI_nXemLSvQ
2020-12-24 23:59:07 INFO  Demo_05_param_demo_Test:35 - F0MHBNPLVPvWSDbNYACDsmSdxU3F8sDQ6nKoKDLu2Vw3EP_Zo6oVJtgY7M9rNE6z9_VC8eenocOdulEO12r2kHkDWGDKqg5s16TwMHYS_X0hOJ_Zw1u5detoRZ18L7FtD5KL8f7zbKwOE9-nx3XBpTxKVo5n58FMcFYDOenb0NeY7X5j0_64NABEvX3IXaMMfpvJZok01GVsI_nXemLSvQ
2020-12-25 00:00:30 INFO  Demo_05_param_demo_Test:35 - F0MHBNPLVPvWSDbNYACDsmSdxU3F8sDQ6nKoKDLu2Vw3EP_Zo6oVJtgY7M9rNE6z9_VC8eenocOdulEO12r2kHkDWGDKqg5s16TwMHYS_X0hOJ_Zw1u5detoRZ18L7FtD5KL8f7zbKwOE9-nx3XBpTxKVo5n58FMcFYDOenb0NeY7X5j0_64NABEvX3IXaMMfpvJZok01GVsI_nXemLSvQ
2020-12-25 00:01:05 INFO  Demo_05_param_demo_Test:35 - F0MHBNPLVPvWSDbNYACDsmSdxU3F8sDQ6nKoKDLu2Vw3EP_Zo6oVJtgY7M9rNE6z9_VC8eenocOdulEO12r2kHkDWGDKqg5s16TwMHYS_X0hOJ_Zw1u5detoRZ18L7FtD5KL8f7zbKwOE9-nx3XBpTxKVo5n58FMcFYDOenb0NeY7X5j0_64NABEvX3IXaMMfpvJZok01GVsI_nXemLSvQ
2020-12-25 00:28:27 INFO  Demo_05_param_demo_Test:35 - F0MHBNPLVPvWSDbNYACDsmSdxU3F8sDQ6nKoKDLu2Vw3EP_Zo6oVJtgY7M9rNE6z9_VC8eenocOdulEO12r2kHkDWGDKqg5s16TwMHYS_X0hOJ_Zw1u5detoRZ18L7FtD5KL8f7zbKwOE9-nx3XBpTxKVo5n58FMcFYDOenb0NeY7X5j0_64NABEvX3IXaMMfpvJZok01GVsI_nXemLSvQ
2020-12-25 00:30:57 INFO  Demo_05_param_demo_Test:35 - F0MHBNPLVPvWSDbNYACDsmSdxU3F8sDQ6nKoKDLu2Vw3EP_Zo6oVJtgY7M9rNE6z9_VC8eenocOdulEO12r2kHkDWGDKqg5s16TwMHYS_X0hOJ_Zw1u5detoRZ18L7FtD5KL8f7zbKwOE9-nx3XBpTxKVo5n58FMcFYDOenb0NeY7X5j0_64NABEvX3IXaMMfpvJZok01GVsI_nXemLSvQ
2020-12-25 00:56:05 INFO  Demo_05_param_demo_Test:35 - F0MHBNPLVPvWSDbNYACDsmSdxU3F8sDQ6nKoKDLu2Vw3EP_Zo6oVJtgY7M9rNE6z9_VC8eenocOdulEO12r2kHkDWGDKqg5s16TwMHYS_X0hOJ_Zw1u5detoRZ18L7FtD5KL8f7zbKwOE9-nx3XBpTxKVo5n58FMcFYDOenb0NeY7X5j0_64NABEvX3IXaMMfpvJZok01GVsI_nXemLSvQ
2020-12-25 01:02:41 INFO  Demo_05_param_demo_Test:35 - F0MHBNPLVPvWSDbNYACDsmSdxU3F8sDQ6nKoKDLu2Vw3EP_Zo6oVJtgY7M9rNE6z9_VC8eenocOdulEO12r2kHkDWGDKqg5s16TwMHYS_X0hOJ_Zw1u5detoRZ18L7FtD5KL8f7zbKwOE9-nx3XBpTxKVo5n58FMcFYDOenb0NeY7X5j0_64NABEvX3IXaMMfpvJZok01GVsI_nXemLSvQ
2020-12-25 01:03:40 INFO  Demo_05_param_demo_Test:35 - F0MHBNPLVPvWSDbNYACDsmSdxU3F8sDQ6nKoKDLu2Vw3EP_Zo6oVJtgY7M9rNE6z9_VC8eenocOdulEO12r2kHkDWGDKqg5s16TwMHYS_X0hOJ_Zw1u5detoRZ18L7FtD5KL8f7zbKwOE9-nx3XBpTxKVo5n58FMcFYDOenb0NeY7X5j0_64NABEvX3IXaMMfpvJZok01GVsI_nXemLSvQ
2020-12-25 01:14:25 INFO  Demo_05_param_demo_Test:35 - F0MHBNPLVPvWSDbNYACDsmSdxU3F8sDQ6nKoKDLu2Vw3EP_Zo6oVJtgY7M9rNE6z9_VC8eenocOdulEO12r2kHkDWGDKqg5s16TwMHYS_X0hOJ_Zw1u5detoRZ18L7FtD5KL8f7zbKwOE9-nx3XBpTxKVo5n58FMcFYDOenb0NeY7X5j0_64NABEvX3IXaMMfpvJZok01GVsI_nXemLSvQ
2020-12-25 01:17:00 INFO  Demo_06_02_concurent:31 - F0MHBNPLVPvWSDbNYACDsmSdxU3F8sDQ6nKoKDLu2Vw3EP_Zo6oVJtgY7M9rNE6z9_VC8eenocOdulEO12r2kHkDWGDKqg5s16TwMHYS_X0hOJ_Zw1u5detoRZ18L7FtD5KL8f7zbKwOE9-nx3XBpTxKVo5n58FMcFYDOenb0NeY7X5j0_64NABEvX3IXaMMfpvJZok01GVsI_nXemLSvQ
2020-12-26 06:11:15 INFO  Demo_05_param_demo:35 - _FpL1aWWnQZnClSe_hiO8A5S_pRmLcLcUWODkNXjQhyf-9jiGeaqtYeOSG4FcZt-T_1jWcTiB6QwblCjK7XXpSWw1spSVB3pOdt2SZCvRm83Mep57xN64A101LBUAiuYJt_JerGDQ7eGjH5SfHgcIkk2_wfAOY0yWYYJiHTG-H4LiG1tOrfmUwcH-RIxnLoyjAljC32c4pE3KfiK-3Iofw
2020-12-26 06:12:41 INFO  Demo_05_param_demo:35 - _FpL1aWWnQZnClSe_hiO8A5S_pRmLcLcUWODkNXjQhyf-9jiGeaqtYeOSG4FcZt-T_1jWcTiB6QwblCjK7XXpSWw1spSVB3pOdt2SZCvRm83Mep57xN64A101LBUAiuYJt_JerGDQ7eGjH5SfHgcIkk2_wfAOY0yWYYJiHTG-H4LiG1tOrfmUwcH-RIxnLoyjAljC32c4pE3KfiK-3Iofw
2020-12-26 06:35:15 INFO  Demo_05_param_demo:35 - _FpL1aWWnQZnClSe_hiO8A5S_pRmLcLcUWODkNXjQhyf-9jiGeaqtYeOSG4FcZt-T_1jWcTiB6QwblCjK7XXpSWw1spSVB3pOdt2SZCvRm83Mep57xN64A101LBUAiuYJt_JerGDQ7eGjH5SfHgcIkk2_wfAOY0yWYYJiHTG-H4LiG1tOrfmUwcH-RIxnLoyjAljC32c4pE3KfiK-3Iofw
2020-12-26 07:11:15 INFO  Demo_05_param_demo:35 - _FpL1aWWnQZnClSe_hiO8A5S_pRmLcLcUWODkNXjQhyf-9jiGeaqtYeOSG4FcZt-T_1jWcTiB6QwblCjK7XXpSWw1spSVB3pOdt2SZCvRm83Mep57xN64A101LBUAiuYJt_JerGDQ7eGjH5SfHgcIkk2_wfAOY0yWYYJiHTG-H4LiG1tOrfmUwcH-RIxnLoyjAljC32c4pE3KfiK-3Iofw
2020-12-26 15:26:08 INFO  Demo_03_01_repeat_timestamp:34 - EmYoLL6cilEcm94X6_FhR6w_pkLwgixm1vCrjifDM6tPTDwHYtmg1UJUM86EmctS4bYXWgiCyE3K-ZfTx52lANGo3hfhlesLWDX-nelMuUMZ9EGY9xVXhNWGiraW3FjMPhiqJLzyfeF1IfXRSrKc2jT4kM1xjWlPJ8Ygr4SlgKwE5fTne4vmjQtPOXvWfchTcwC0ic9eeGfXKpriKPPe8g
